// Jest Snapshot v1, https://goo.gl/fbAQLP

exports[`smoke and snapshot tests should match snapshot 1`] = `
<DocumentFragment>
  <div
    class="col-6 col-sm-4 col-md-2"
  >
    <img
      alt="Instagram post"
      class="img-fluid instagram-post"
      src="Instagram.1jpg"
    />
  </div>
</DocumentFragment>
`;
