// Jest Snapshot v1, https://goo.gl/fbAQLP

exports[`smoke and snapshot tests should match snapshot 1`] = `
<DocumentFragment>
  <header
    class="container mt-5"
    style="max-width: 1100px;"
  >
    <div
      class="container pt-3 pb-4"
    >
      <h1
        class="mb-4"
      >
        Featured Recipes
        <i
          class="fa-solid fa-utensils"
        />
      </h1>
      <div
        class="row"
      >
        <div
          class="latest-post col-6 col-md-4"
        >
          <img
            alt="Braised Steak"
            class="img-fluid"
            src="braisedSteak.jpg"
          />
          <div
            class="caption"
          >
            <a
              href="/recipes/635874"
            >
              <p
                class="caption-text"
              >
                Braised Steak
              </p>
            </a>
          </div>
        </div>
        <div
          class="latest-post col-6 col-md-4"
        >
          <img
            alt="Simple Caesar Salad"
            class="img-fluid"
            src="caesarSalad.jpg"
          />
          <div
            class="caption"
          >
            <a
              href="/recipes/660085"
            >
              <p
                class="caption-text"
              >
                Simple Caesar Salad
              </p>
            </a>
          </div>
        </div>
        <div
          class="latest-post col-md-4 d-none d-md-block"
        >
          <img
            alt="Blueberry Muffins"
            class="img-fluid"
            src="blueberryMuffins.jpg"
          />
          <div
            class="caption"
          >
            <a
              href="/recipes/648647"
            >
              <p
                class="caption-text"
              >
                Blueberry Muffins
              </p>
            </a>
          </div>
        </div>
      </div>
    </div>
    <hr
      class="mt-4"
    />
  </header>
</DocumentFragment>
`;
