// Jest Snapshot v1, https://goo.gl/fbAQLP

exports[`smoke and snapshot tests should match snapshot 1`] = `
<DocumentFragment>
  <nav>
    <div
      class="topbar"
    >
      <div
        class="container d-flex justify-content-between"
      >
        <div
          class="socials"
          style="margin-left: 15px;"
        >
          <a
            data-testid="social-icon"
            href="#0"
          >
            <i
              class="fa-brands fa-twitter"
            />
          </a>
          <a
            data-testid="social-icon"
            href="#0"
          >
            <i
              class="fa-solid fa-rss"
            />
          </a>
          <a
            data-testid="social-icon"
            href="#0"
          >
            <i
              class="fa-brands fa-facebook"
            />
          </a>
          <a
            data-testid="social-icon"
            href="#0"
          >
            <i
              class="fa-brands fa-pinterest"
            />
          </a>
          <a
            data-testid="social-icon"
            href="#0"
          >
            <i
              class="fa-brands fa-instagram"
            />
          </a>
          <a
            data-testid="social-icon"
            href="#0"
          >
            <i
              class="fa-brands fa-youtube"
            />
          </a>
        </div>
        <div
          class="socials"
        >
          <a
            data-testid="user-icon"
            href="/search"
          >
            <i
              class="fa-solid fa-magnifying-glass"
            />
          </a>
        </div>
      </div>
    </div>
    <div
      class="d-flex justify-content-center"
    >
      <div
        class="mt-3 mb-1"
      >
        <a
          href="/"
        >
          <img
            alt="Homestew Logo"
            class="d-none d-lg-block logo"
            src="./homestewLogo.svg"
          />
        </a>
      </div>
    </div>
    <nav
      class="navbar navbar-expand-lg navbar-light"
    >
      <div
        class="container-fluid"
      >
        <a
          class="navbar-brand"
          href="/"
        >
          <img
            alt="Homestew Alt logo"
            class="d-lg-none logo-alt"
            src="/Homestew-alt-logo.svg"
          />
        </a>
        <button
          aria-controls="navbarCollapse"
          aria-expanded="false"
          aria-label="Toggle navigation"
          class="navbar-toggler"
          data-bs-target="#navbarCollapse"
          data-bs-toggle="collapse"
          type="button"
        >
          <span
            class="navbar-toggler-icon"
          />
        </button>
        <div
          class="justify-content-center collapse navbar-collapse"
          id="navbarCollapse"
        >
          <ul
            class="navbar-nav mb-2 mb-lg-0"
          >
            <li
              class="nav-item"
            >
              <a
                aria-current="page"
                class="active nav-link"
                href="/"
              >
                HOME
              </a>
            </li>
            <li
              class="nav-item"
            >
              <a
                class="nav-link"
                href="/about"
              >
                ABOUT
              </a>
            </li>
            <li
              class="nav-item"
            >
              <a
                class="nav-link"
                href="/search"
              >
                RECIPES
              </a>
            </li>
            <li
              class="nav-item"
            >
              <a
                class="nav-link"
                href="/diets"
              >
                DIETS
              </a>
            </li>
            <li
              class="nav-item"
            >
              <a
                class="nav-link"
                href="/blog"
              >
                BLOG
              </a>
            </li>
            <li
              class="nav-item"
            >
              <a
                class="nav-link"
                href="/contact"
              >
                CONTACT
              </a>
            </li>
          </ul>
        </div>
      </div>
    </nav>
    <hr />
  </nav>
</DocumentFragment>
`;
