// Jest Snapshot v1, https://goo.gl/fbAQLP

exports[`smoke and snapshot tests should match snapshot 1`] = `
<DocumentFragment>
  <div
    class="text-center mb-5 sm-blog-post col-12 col-md-6 col-lg-4"
  >
    <img
      alt="The Travelers Guide for Foodies"
      class="img-fluid"
      src="Sm1.jpg"
    />
    <div
      class="sm-blog-text text-light"
    >
      <p
        class="my-4"
        role="paragraph"
      >
        travel
      </p>
      <h4>
        The Travelers Guide for Foodies
      </h4>
      <a
        href="#0"
      >
        Read More
      </a>
    </div>
  </div>
</DocumentFragment>
`;
