// Jest Snapshot v1, https://goo.gl/fbAQLP

exports[`smoke and snapshot tests should match snapshot 1`] = `
<DocumentFragment>
  <div
    class="spinner-container"
  >
    <div
      class="loading-spinner"
    />
  </div>
  <div
    class="col-lg-12"
  >
    <img
      class="img-fluid single-recipe-img"
    />
  </div>
  <div
    class="col-lg-8 mx-auto"
  >
    <div
      class="single-recipe-title"
    >
      <div
        class="single-post-title-text"
      >
        <ul
          class="ps-0 label"
        />
        <h4 />
        <ul
          class="ps-0 widget"
        >
          <li>
            by Anonymous
          </li>
          <li>
            % recommend this recipe
          </li>
          <li>
            <i
              class="me-2 fa-solid fa-heart"
            />
              Likes 
          </li>
        </ul>
      </div>
    </div>
    <div
      class="single-recipe-description"
    >
      <p />
    </div>
    <blockquote
      class="single-recipe-quote"
    >
      <h5>
        <i
          class="fa-solid fa-quote-left"
        />
          
        <i
          class="fa-solid fa-quote-right"
        />
      </h5>
      <h6
        class="text-muted"
      />
    </blockquote>
    <div
      class="single-recipe-description"
    >
      <p />
    </div>
    <div
      class="single-recipe-options text-center"
    >
      <ul>
        <li>
          <h5>
            <i
              class="fa fa-user"
            />
             SERVES
          </h5>
          <span>
             People
          </span>
        </li>
        <li>
          <h5>
            <i
              class="fa fa-clock-o"
            />
             PREP TIME
          </h5>
          <span>
            undefined minutes
          </span>
        </li>
        <li>
          <h5>
            <i
              class="fa fa-clock-o"
            />
             Cook TIME
          </h5>
          <span>
            undefined minutes
          </span>
        </li>
        <li>
          <a
            class="print-btn"
            href="#0"
          >
            <i
              class="fa fa-print"
            />
             Print
          </a>
        </li>
      </ul>
    </div>
    <div
      class="single-recipe-ingredients tables"
    >
      <h5>
        Ingredients 
        <i
          class="fa-solid fa-utensils"
        />
      </h5>
      <ul
        class="ps-0"
      />
    </div>
    <div
      class="single-recipe-directions tables mb-5"
    >
      <h5>
        Directions 
        <i
          class="fa-solid fa-utensils"
        />
      </h5>
      <ol
        class="ps-0"
      />
    </div>
    <div
      class="single-recipe-tags"
    >
      <ul
        class="d-flex flex-wrap ps-0"
      />
    </div>
  </div>
</DocumentFragment>
`;
