// Jest Snapshot v1, https://goo.gl/fbAQLP

exports[`smoke and snapshot tests should match snapshot 1`] = `
<DocumentFragment>
  <div
    class="col-12 col-lg-6"
  >
    <div
      class="about-text text-center text-lg-start"
    >
      <h2>
        What Are We About
      </h2>
      <p>
        Homestew was created to help users connect through the power and joy of food while experiencing the COVID-19 pandemic. We strive to be all families' best friends in food and are committed to teaching, inspiring, and empowering the every day foodie!
      </p>
      <div
        class="mt-5 about-btn"
      >
        <a
          href="/search"
        >
          Explore Now
        </a>
      </div>
    </div>
  </div>
  <div
    class="col-12 col-lg-6 mb-5"
  >
    <div
      class="about-images text-center"
    >
      <div
        class="row"
      >
        <div
          class="col-6 col-sm-4 "
        >
          <img
            alt="About"
            class="mb-4 about-img img-fluid"
            src="About1.jpg"
          />
        </div>
        <div
          class="col-6 col-sm-4 "
        >
          <img
            alt="About"
            class="mb-4 about-img img-fluid"
            src="About2.jpg"
          />
        </div>
        <div
          class="col-6 col-sm-4 "
        >
          <img
            alt="About"
            class="mb-4 about-img img-fluid"
            src="About3.jpg"
          />
        </div>
        <div
          class="col-6 col-sm-4 "
        >
          <img
            alt="About"
            class="mb-4 about-img img-fluid"
            src="About4.jpg"
          />
        </div>
        <div
          class="col-6 col-sm-4 d-none d-sm-block"
        >
          <img
            alt="About"
            class="mb-4 about-img img-fluid"
            src="About5.jpg"
          />
        </div>
        <div
          class="col-6 col-sm-4 d-none d-sm-block"
        >
          <img
            alt="About"
            class="mb-4 about-img img-fluid"
            src="About6.jpg"
          />
        </div>
        <div
          class="col-6 col-sm-4 d-none d-sm-block"
        >
          <img
            alt="About"
            class="mb-4 about-img img-fluid"
            src="About7.jpg"
          />
        </div>
        <div
          class="col-6 col-sm-4 d-none d-sm-block"
        >
          <img
            alt="About"
            class="mb-4 about-img img-fluid"
            src="About8.jpg"
          />
        </div>
        <div
          class="col-6 col-sm-4 d-none d-sm-block"
        >
          <img
            alt="About"
            class="mb-4 about-img img-fluid"
            src="About9.jpg"
          />
        </div>
      </div>
    </div>
  </div>
  <div
    class="d-none d-lg-flex row"
    style="margin-top: 8rem; margin-bottom: 6rem;"
  >
    <div
      class="d-none d-lg-block col-12 col-lg-6"
    >
      <div
        class="text-center"
      >
        <img
          alt="Sushi"
          class="img-fluid"
          src="Culinary.jpg"
        />
      </div>
    </div>
    <div
      class="d-none d-lg-block ps-5 about-list col-12 col-lg-6 text-center text-lg-start"
    >
      <h2>
        Improve Your Culinary Skills
      </h2>
      <ul>
        <li>
          Learn new recipes
        </li>
        <li>
          Experiment with foods
        </li>
        <li>
          Live a healthier lifestyle
        </li>
        <li>
          Understand nutrition facts
        </li>
        <li>
          Get cooking tips
        </li>
        <li>
          Eat wholesome meals
        </li>
      </ul>
    </div>
  </div>
</DocumentFragment>
`;
