// Jest Snapshot v1, https://goo.gl/fbAQLP

exports[`smoke and snapshot tests should match snapshot 1`] = `
<DocumentFragment>
  <hr />
  <div
    class="testimonials"
  >
    <div
      class="row d-flex justify-content-center"
    >
      <div
        class="col-md-10 col-xl-8 text-center"
      >
        <h3
          class="mb-4"
        >
          Testimonials
        </h3>
        <p
          class="mb-5 pb-2 mb-md-5 pb-md-0"
        >
          Lorem ipsum dolor sit amet, consectetur adipisicing elit. Fugit, error amet numquam iure provident voluptate esse quasi, veritatis totam voluptas nostrum quisquam eum porro a pariatur veniam.
        </p>
      </div>
    </div>
    <div
      class="row text-center"
      style="margin-top: 3rem; margin-bottom: 15rem;"
    >
      <div
        class="col-md-4 mt-5 mb-5 mb-md-0"
      >
        <div
          class="d-flex justify-content-center mb-4"
        >
          <img
            alt="Tim Perry"
            class="rounded-circle shadow-1-strong"
            src="https://randomuser.me/api/portraits/men/80.jpg"
          />
        </div>
        <h5
          class="mb-3"
        >
          Tim Perry
        </h5>
        <h6
          class="mb-3"
        >
          Web Developer
        </h6>
        <p
          class="px-xl-3"
        >
          <i
            class="fas fa-quote-left pe-2"
          />
          Lorem ipsum dolor sit amet, consectetur adipisicing elit. Quod eos id officiis hic tenetur quae quaerat ad velit ab hic tenetur.
        </p>
        <ul
          class="list-unstyled d-flex justify-content-center mb-0"
        >
          <li>
            <i
              class="fas fa-star fa-lg text-warning"
            />
          </li>
          <li>
            <i
              class="fas fa-star fa-lg text-warning"
            />
          </li>
          <li>
            <i
              class="fas fa-star fa-lg text-warning"
            />
          </li>
          <li>
            <i
              class="fas fa-star fa-lg text-warning"
            />
          </li>
          <li>
            <i
              class="fas fa-star-half-alt fa-lg text-warning"
            />
          </li>
        </ul>
      </div>
      <div
        class="col-md-4 mb-5 mb-md-0"
      >
        <div
          class="d-flex mt-5 justify-content-center mb-4"
        >
          <img
            alt="Letitia Powell"
            class="rounded-circle shadow-1-strong"
            src="https://randomuser.me/api/portraits/women/75.jpg"
          />
        </div>
        <h5
          class="mb-3"
        >
          Letitia Powell
        </h5>
        <h6
          class="mb-3"
        >
          Graphic Designer
        </h6>
        <p
          class="px-xl-3"
        >
          <i
            class="fas fa-quote-left pe-2"
          />
          Ut enim ad minima veniam, quis nostrum exercitationem ullam corporis suscipit laboriosam, nisi ut aliquid commodi.
        </p>
        <ul
          class="list-unstyled d-flex justify-content-center mb-0"
        >
          <li>
            <i
              class="fas fa-star fa-lg text-warning"
            />
          </li>
          <li>
            <i
              class="fas fa-star fa-lg text-warning"
            />
          </li>
          <li>
            <i
              class="fas fa-star fa-lg text-warning"
            />
          </li>
          <li>
            <i
              class="fas fa-star fa-lg text-warning"
            />
          </li>
          <li>
            <i
              class="fas fa-star fa-lg text-warning"
            />
          </li>
        </ul>
      </div>
      <div
        class="col-md-4 mb-0"
      >
        <div
          class="d-flex mt-5 justify-content-center mb-4"
        >
          <img
            alt="John Smith"
            class="rounded-circle shadow-1-strong"
            src="https://mdbcdn.b-cdn.net/img/Photos/Avatars/img%20(9).webp"
          />
        </div>
        <h5
          class="mb-3"
        >
          John Smith
        </h5>
        <h6
          class="mb-3"
        >
          Marketing Specialist
        </h6>
        <p
          class="px-xl-3"
        >
          <i
            class="fas fa-quote-left pe-2"
          />
          At vero eos et accusamus et iusto odio dignissimos ducimus qui blanditiis praesentium voluptatum deleniti atque corrupti.
        </p>
        <ul
          class="list-unstyled d-flex justify-content-center mb-0"
        >
          <li>
            <i
              class="fas fa-star fa-lg text-warning"
            />
          </li>
          <li>
            <i
              class="fas fa-star fa-lg text-warning"
            />
          </li>
          <li>
            <i
              class="fas fa-star fa-lg text-warning"
            />
          </li>
          <li>
            <i
              class="fas fa-star fa-lg text-warning"
            />
          </li>
          <li>
            <i
              class="far fa-star fa-lg text-warning"
            />
          </li>
        </ul>
      </div>
    </div>
  </div>
</DocumentFragment>
`;
